2026-04-11 00:49:09 +00:00: Base de datos SQLite (sql.js) inicializada
2026-04-11 00:49:09 +00:00: Base de datos inicializada
2026-04-11 00:49:09 +00:00: Base de datos migrada correctamente
2026-04-11 00:49:09 +00:00: Facciones inicializadas
2026-04-11 00:49:09 +00:00: Bot de Telegram configurado
2026-04-11 00:49:09 +00:00: Bot de Telegram iniciado
2026-04-11 00:49:09 +00:00: [Tick] Game tick programado cada 60 segundos
2026-04-11 00:49:09 +00:00: [Tick] Procesamiento de retiros cada 5 minutos
2026-04-11 00:49:09 +00:00: Game tick iniciado
2026-04-11 00:49:09 +00:00: 
2026-04-11 00:49:09 +00:00: ╔══════════════════════════════════════╗
2026-04-11 00:49:09 +00:00: ║       KINGDOMS HARVEST SERVER        ║
2026-04-11 00:49:09 +00:00: ║     Puerto: 3001                     ║
2026-04-11 00:49:09 +00:00: ║     Entorno: production            ║
2026-04-11 00:49:09 +00:00: ╚══════════════════════════════════════╝
2026-04-11 00:49:09 +00:00:       
2026-04-11 01:01:22 +00:00: Base de datos SQLite (sql.js) inicializada
2026-04-11 01:01:22 +00:00: Base de datos inicializada
2026-04-11 01:01:22 +00:00: Base de datos migrada correctamente
2026-04-11 01:01:22 +00:00: Facciones inicializadas
2026-04-11 01:01:22 +00:00: Bot de Telegram configurado
2026-04-11 01:01:22 +00:00: Bot de Telegram iniciado
2026-04-11 01:01:22 +00:00: [Tick] Game tick programado cada 60 segundos
2026-04-11 01:01:22 +00:00: [Tick] Procesamiento de retiros cada 5 minutos
2026-04-11 01:01:22 +00:00: Game tick iniciado
2026-04-11 01:01:22 +00:00: 
2026-04-11 01:01:22 +00:00: ╔══════════════════════════════════════╗
2026-04-11 01:01:22 +00:00: ║       KINGDOMS HARVEST SERVER        ║
2026-04-11 01:01:22 +00:00: ║     Puerto: 3001                     ║
2026-04-11 01:01:22 +00:00: ║     Entorno: production            ║
2026-04-11 01:01:22 +00:00: ╚══════════════════════════════════════╝
2026-04-11 01:01:22 +00:00:       
2026-04-11 01:03:16 +00:00: Base de datos SQLite (sql.js) inicializada
2026-04-11 01:03:16 +00:00: Base de datos inicializada
2026-04-11 01:03:16 +00:00: Base de datos migrada correctamente
2026-04-11 01:03:16 +00:00: Facciones inicializadas
2026-04-11 01:03:16 +00:00: Bot de Telegram configurado
2026-04-11 01:03:16 +00:00: Bot de Telegram iniciado
2026-04-11 01:03:16 +00:00: [Tick] Game tick programado cada 60 segundos
2026-04-11 01:03:16 +00:00: [Tick] Procesamiento de retiros cada 5 minutos
2026-04-11 01:03:16 +00:00: Game tick iniciado
2026-04-11 01:03:16 +00:00: 
2026-04-11 01:03:16 +00:00: ╔══════════════════════════════════════╗
2026-04-11 01:03:16 +00:00: ║       KINGDOMS HARVEST SERVER        ║
2026-04-11 01:03:16 +00:00: ║     Puerto: 3001                     ║
2026-04-11 01:03:16 +00:00: ║     Entorno: production            ║
2026-04-11 01:03:16 +00:00: ╚══════════════════════════════════════╝
2026-04-11 01:03:16 +00:00:       
2026-04-11 01:38:00 +00:00: [Tick] 1 cultivos listos para cosechar
2026-04-12 02:33:51 +00:00: Base de datos SQLite (sql.js) inicializada
2026-04-12 02:33:51 +00:00: Base de datos inicializada
2026-04-12 02:33:51 +00:00: Base de datos migrada correctamente
2026-04-12 02:33:51 +00:00: Facciones inicializadas
2026-04-12 02:33:51 +00:00: Bot de Telegram configurado
2026-04-12 02:33:51 +00:00: Bot de Telegram iniciado
2026-04-12 02:33:51 +00:00: [Tick] Game tick programado cada 60 segundos
2026-04-12 02:33:51 +00:00: [Tick] Procesamiento de retiros cada 5 minutos
2026-04-12 02:33:51 +00:00: Game tick iniciado
2026-04-12 02:33:51 +00:00: 
2026-04-12 02:33:51 +00:00: ╔══════════════════════════════════════╗
2026-04-12 02:33:51 +00:00: ║       KINGDOMS HARVEST SERVER        ║
2026-04-12 02:33:51 +00:00: ║     Puerto: 3001                     ║
2026-04-12 02:33:51 +00:00: ║     Entorno: production            ║
2026-04-12 02:33:51 +00:00: ╚══════════════════════════════════════╝
2026-04-12 02:33:51 +00:00:       
2026-04-13 16:51:16 +00:00: Base de datos SQLite (sql.js) inicializada
2026-04-13 16:51:16 +00:00: Base de datos inicializada
2026-04-13 16:51:16 +00:00: Base de datos migrada correctamente
2026-04-13 16:51:16 +00:00: Facciones inicializadas
2026-04-13 16:51:16 +00:00: Bot de Telegram configurado
2026-04-13 16:51:16 +00:00: Bot de Telegram iniciado
2026-04-13 16:51:16 +00:00: [Tick] Game tick programado cada 60 segundos
2026-04-13 16:51:16 +00:00: [Tick] Procesamiento de retiros cada 5 minutos
2026-04-13 16:51:16 +00:00: Game tick iniciado
2026-04-13 16:51:16 +00:00: 
2026-04-13 16:51:16 +00:00: ╔══════════════════════════════════════╗
2026-04-13 16:51:16 +00:00: ║       KINGDOMS HARVEST SERVER        ║
2026-04-13 16:51:16 +00:00: ║     Puerto: 3001                     ║
2026-04-13 16:51:16 +00:00: ║     Entorno: production            ║
2026-04-13 16:51:16 +00:00: ╚══════════════════════════════════════╝
2026-04-13 16:51:16 +00:00:       
